// Jest Snapshot v1, https://goo.gl/fbAQLP

exports[`Button renders a button 1`] = `
<DocumentFragment>
  <button
    class="button primary null"
    type="button"
  >
    Button
  </button>
</DocumentFragment>
`;
