// Jest Snapshot v1, https://goo.gl/fbAQLP

exports[`ModalLoader renders a full page loader 1`] = `<DocumentFragment />`;
