// Jest Snapshot v1, https://goo.gl/fbAQLP

exports[`ListResources renders a ListResources component 1`] = `
<DocumentFragment>
  <div
    class="resource-div"
  >
    <div
      class="adjacent-icon"
      style="margin-left: 0px; padding-right: 0px;"
    />
    <div
      class="name-content"
    >
      Test Container
    </div>
    <i
      class="bi bi-chevron-right chevron-icon"
      role="button"
      tabindex="0"
      title="expand"
    />
  </div>
</DocumentFragment>
`;
