// Jest Snapshot v1, https://goo.gl/fbAQLP

exports[`login page renders a manage page 1`] = `
<DocumentFragment>
  <header
    class="header"
  >
    <div
      class="header-top"
    >
      <a
        href="/"
      >
        <img
          alt="Inrupt logo"
          class="logo"
          data-nimg="1"
          decoding="async"
          height="40"
          loading="lazy"
          src="/_next/image?url=%2Fimg.jpg&w=96&q=75"
          srcset="/_next/image?url=%2Fimg.jpg&w=48&q=75 1x, /_next/image?url=%2Fimg.jpg&w=96&q=75 2x"
          style="color: transparent;"
          width="40"
        />
      </a>
      <button
        class="button text logout-button"
        data-testid="logout-button"
        type="button"
      >
        Logout
      </button>
    </div>
    <div
      class="header-bottom"
    >
      <h1
        class="subheader"
      >
        Manage Access
      </h1>
      <div
        class="search-container"
      >
        <i
          class="bi bi-search search-icon"
          title="Search"
        />
        <input
          class="header-input form-control"
          data-testid="agent-search-input"
          disabled=""
          placeholder="Search"
          type="search"
          value=""
        />
      </div>
    </div>
  </header>
  <main
    class="main"
  >
    <div
      class="pickerContainer"
    >
      <b
        data-testid="agent-list-header"
      >
        Organizations, Apps and Companies with Granted Access
      </b>
      <br />
      <br />
      <div
        class="table-container"
      >
        <table
          class="table-style table"
        >
          <thead>
            <tr>
              <th
                data-testid="table-heading-sort-image"
              >
                <span
                  class="visually-hidden"
                >
                  Icon
                </span>
              </th>
              <th
                data-testid="table-heading-sort-name"
              >
                Name
                <i
                  aria-label="Sort by name"
                  class="bi bi-sort-down sort-icon"
                  data-testid="table-heading-sort-icon-name"
                  role="button"
                  tabindex="0"
                  title="Sort by name"
                />
              </th>
              <th
                data-testid="table-heading-sort-webId"
              >
                WebID
                <i
                  aria-label="Sort by webId"
                  class="bi bi-sort-down sort-icon"
                  data-testid="table-heading-sort-icon-webId"
                  role="button"
                  tabindex="0"
                  title="Sort by webId"
                />
              </th>
              <th
                data-testid="table-heading-sort-key"
              >
                Resources
              </th>
            </tr>
          </thead>
          <tbody
            data-testid="table-body"
          >
            <tr
              class="row"
              data-testid="agent-row[https://id.inrupt.com/jeswrtest51]"
            >
              <td
                aria-label="Icon for Jesse Wright üê®"
              >
                <img
                  alt="Icon for Jesse Wright üê®"
                  class="icon"
                  src="https://avatars.githubusercontent.com/u/63333554?v=4"
                  title="Icon for Jesse Wright üê®"
                />
              </td>
              <td
                class="table-entry"
                data-testid="agent-name"
              >
                <span>
                  Jesse Wright üê®
                </span>
              </td>
              <td
                class="table-entry"
              >
                https://id.inrupt.com/jeswrtest51
              </td>
              <td>
                <i
                  class="bi bi-info-circle details-icon"
                  data-testid="details-icon"
                  role="button"
                  tabindex="0"
                  title="Open Resource Details"
                />
              </td>
            </tr>
            <tr
              class="row"
              data-testid="agent-row[https://id.inrupt.com/testuser12345?lookup]"
            >
              <td
                aria-label="Icon for Virginia"
              >
                <img
                  alt="Icon for Virginia"
                  class="icon"
                  src="https://virginia.solidcommunity.net/profile/80e79c10-26b2-11ed-a130-d5bd0f09344f.jpeg"
                  title="Icon for Virginia"
                />
              </td>
              <td
                class="table-entry"
                data-testid="agent-name"
              >
                <span>
                  Virginia
                </span>
              </td>
              <td
                class="table-entry"
              >
                https://id.inrupt.com/testuser12345?lookup
              </td>
              <td>
                <i
                  class="bi bi-info-circle details-icon"
                  data-testid="details-icon"
                  role="button"
                  tabindex="0"
                  title="Open Resource Details"
                />
              </td>
            </tr>
          </tbody>
        </table>
      </div>
    </div>
  </main>
</DocumentFragment>
`;
